# Create a graph
created graph graph1

# Add node
added node n1 to graph1

# Print the outgoing edges from n1
the children of n1 in graph1 are:
