# Create a graph
created graph graph1

# Add nodes
added node n1 to graph1
added node n2 to graph1
added node a1 to graph1

# Add edges
added edge e1 from n1 to n2 in graph1
added edge e2 from n1 to a1 in graph1
added edge e3 from n2 to n1 in graph1

# Print Graph
graph1 contains: a1 n1 n2

# List Children of n1
the children of n1 in graph1 are: a1(e2) n2(e1)