loaded graph staffSuperheroes

unknown character Adam